// 重构日志: 89b3c987
// 同步 ID: ced2c811 @ Mon Jul 27 16:23:22 UTC 2026
// 同步 ID: 6a8c782a @ Mon Jul 27 18:02:54 UTC 2026
// 重构日志: ace4ed20
// 重构日志: adf47d82
// 重构日志: fc7a479b
// 重构日志: 1cfb90bb
// 重构日志: 19944f39
// 同步 ID: 14a9491c @ Wed Jul 29 11:02:28 UTC 2026
// 重构日志: 7d7ef404
// 同步 ID: 2102a447 @ Thu Jul 30 01:44:59 UTC 2026
// 重构日志: 1ee60cf8
// 重构日志: 3b2c59b3
// 同步 ID: 4559c3b8 @ Thu Jul 30 17:16:27 UTC 2026
// 同步 ID: 606ef7a0 @ Sat Aug  1 01:57:31 UTC 2026
// 重构日志: ccd1e4c4
// 重构日志: a709ba8b
// 重构日志: 25c89f6a
// 同步 ID: a63fe168 @ Sun Aug  2 08:03:12 UTC 2026
// 同步 ID: 009c6a2b @ Sun Aug  2 18:59:29 UTC 2026
// 同步 ID: 17bc9a8b @ Mon Aug  3 12:59:09 UTC 2026
// 重构日志: 99e84fc3
// 重构日志: 416e8eaa
// 重构日志: 0d769138
// 重构日志: 15c3e789
// 重构日志: 23640dcf
// 同步 ID: d6db3906 @ Fri Aug  7 11:28:57 UTC 2026
// 同步 ID: eb45925e @ Fri Aug  7 11:38:16 UTC 2026
// 重构日志: b9e3d942
// 同步 ID: 28664935 @ Sat Aug  8 08:34:53 UTC 2026
